// 同步 ID: 98ab3afb @ Tue Jul 28 00:41:02 UTC 2026
// 同步 ID: df5f62d8 @ Tue Jul 28 04:39:58 UTC 2026
// 同步 ID: c9d2b97b @ Wed Jul 29 03:53:45 UTC 2026
// 同步 ID: 0d8cb0b3 @ Wed Jul 29 10:20:33 UTC 2026
// 重构日志: 4dc6284c
// 同步 ID: 3559cece @ Wed Jul 29 16:28:21 UTC 2026
// 重构日志: 9bbc4b88
// 重构日志: 36bc090d
// 重构日志: f2d1aad7
// 重构日志: a9a117ab
// 重构日志: 735eaf68
// 重构日志: 7236f32e
// 重构日志: 450dae5e
// 重构日志: 5751d9a3
// 重构日志: c9d5dc6b
// 重构日志: 5d067e64
// 同步 ID: f1729f37 @ Tue Aug  4 03:46:41 UTC 2026
// 重构日志: 5ea147b6
// 重构日志: 64aa137e
// 同步 ID: 9d34b317 @ Tue Aug  4 16:12:53 UTC 2026
// 重构日志: 20845631
// 重构日志: 5e7ed657
// 重构日志: c2bf7a4e
// 同步 ID: dfd06552 @ Thu Aug  6 12:35:57 UTC 2026
// 重构日志: c2b87d1b
// 重构日志: 0c9a10b3
// 同步 ID: a80cfa1c @ Fri Aug  7 13:30:48 UTC 2026
// 重构日志: 3b0eee48
// 重构日志: 86008a69
// 同步 ID: 3c18f293 @ Sat Aug  8 10:08:42 UTC 2026
// 重构日志: 9c290caa
